debian:
apt install bind9 bind9utils

redhat:
yum install bind


[root@localhost ~]# rpm -qa | grep ^bind
bind-license-9.11.4-26.P2.el7_9.4.noarch
bind-libs-9.11.4-26.P2.el7_9.4.x86_64
bind-9.11.4-26.P2.el7_9.4.x86_64
bind-libs-lite-9.11.4-26.P2.el7_9.4.x86_64
bind-export-libs-9.11.4-9.P2.el7.x86_64



---------------------------------------------------




[root@localhost ~]# systemctl start named

 
[root@localhost ~]# systemctl status named

‚óè named.service - Berkeley Internet Name Domain (DNS)
   Loaded: loaded (/usr/lib/systemd/system/named.service; disabled; vendor preset: disabled)
   Active: active (running) 






or


debian:

service bind9 status






---------------------------------------------------





[root@localhost ~]# ps -ef | grep ^named
named     1838     1  0 08:27 ?        00:00:00 /usr/sbin/named -u named -c /etc/named.conf





---------------------------------------------------



Config file:


redhat:

[root@localhost ~]# cat /etc/named.conf 




debian:

[root@localhost ~]# cat /etc/bind/named.conf 






---------------------------------------------------



	listen-on port 53 { 127.0.0.1; };

	directory 	"/var/named";

	allow-query     { localhost; };

	recursion yes;


	pid-file "/run/named/named.pid";





logging

zone






---------------------------------------------------
---------------------------------------------------




[root@localhost ~]# named-checkconf /etc/named.conf 




---------------------------------------------------





[root@localhost ~]# nelookup google.com

[root@localhost ~]# nslookup google.com 4.2.2.4





---------------------------------------------------





use time :


[root@localhost ~]# time nslookup google.com 4.2.2.4
Server:		4.2.2.4
Address:	4.2.2.4#53

Non-authoritative answer:
Name:	google.com
Address: 172.217.168.46
Name:	google.com
Address: 2a00:1450:400a:802::200e


real	0m0.402s
user	0m0.009s
sys		0m0.009s






---------------------------------------------------





[root@localhost ~]# cat /etc/resolv.conf 
# Generated by NetworkManager
nameserver 10.0.4.3






---------------------------------------------------





[root@localhost ~]# dig @4.2.2.4 google.com


[root@localhost ~]# dig google.com

; <<>> DiG 9.11.4-P2-RedHat-9.11.4-26.P2.el7_9.4 <<>> google.com
;; global options: +cmd
;; Got answer:
;; ->>HEADER<<- opcode: QUERY, status: NOERROR, id: 6579
;; flags: qr rd ra; QUERY: 1, ANSWER: 1, AUTHORITY: 0, ADDITIONAL: 1

;; OPT PSEUDOSECTION:
; EDNS: version: 0, flags:; udp: 65494
;; QUESTION SECTION:
;google.com.			IN	A

;; ANSWER SECTION:
google.com.		266	IN	A	142.250.74.110

;; Query time: 31 msec
;; SERVER: 10.0.4.3#53(10.0.4.3)
;; WHEN: Sat Apr 17 08:58:09 EDT 2021
;; MSG SIZE  rcvd: 55






---------------------------------------------------





[root@localhost ~]# dig +short google.com
142.250.74.110






---------------------------------------------------






[root@localhost ~]# rndc status

version: BIND 9.11.4-P2-RedHat-9.11.4-26.P2.el7_9.4 (Extended Support Version) <id:7107deb>
running on localhost.localdomain: Linux x86_64 3.10.0-1062.el7.x86_64 #1 SMP Wed Aug 7 18:08:02 UTC 2019
boot time: Sat, 17 Apr 2021 12:27:41 GMT
last configured: Sat, 17 Apr 2021 12:27:41 GMT
configuration file: /etc/named.conf
CPUs found: 1
worker threads: 1
UDP listeners per interface: 1
number of zones: 103 (97 automatic)
debug level: 0
xfers running: 0
xfers deferred: 0
soa queries in progress: 0
query logging is OFF
recursive clients: 0/900/1000
tcp clients: 2/150
server is up and running
[root@localhost ~]# 







---------------------------------------------------





[root@localhost ~]# rndc reload
server reload successful

[root@localhost ~]# rndc stop


[root@localhost ~]# systemctl start named





---------------------------------------------------




config zones:



[root@localhost ~]# cat  /etc/named.rfc1912.zones 


zone "localhost" IN {
	type master;
	file "named.localhost";
	allow-update { none; };
};




---------------------------------------------------
---------------------------------------------------
---------------------------------------------------




see all answers:



[root@localhost ~]# host google.com
google.com has address 172.217.18.142
google.com has IPv6 address 2a00:1450:4018:800::200e
google.com mail is handled by 30 alt2.aspmx.l.google.com.
google.com mail is handled by 20 alt1.aspmx.l.google.com.
google.com mail is handled by 10 aspmx.l.google.com.
google.com mail is handled by 50 alt4.aspmx.l.google.com.
google.com mail is handled by 40 alt3.aspmx.l.google.com.






---------------------------------------------------












---------------------------------------------------












---------------------------------------------------












---------------------------------------------------












---------------------------------------------------












---------------------------------------------------












---------------------------------------------------












---------------------------------------------------












---------------------------------------------------












---------------------------------------------------












---------------------------------------------------












---------------------------------------------------












---------------------------------------------------












---------------------------------------------------












---------------------------------------------------












---------------------------------------------------












---------------------------------------------------












---------------------------------------------------












---------------------------------------------------












---------------------------------------------------












---------------------------------------------------












---------------------------------------------------












---------------------------------------------------












---------------------------------------------------












---------------------------------------------------








